11:24:48 **** Build of project interupt_bsp ****
make -k all 
libgen -hw ../lprs2-lab5_hw_platform/system.xml\
	       \
	       -pe microblaze_0 \
	       -log libgen.log \
	       system.mss
libgen
Xilinx EDK 14.6 Build EDK_P.68d
Copyright (c) 1995-2012 Xilinx, Inc.  All rights reserved.

Command Line: libgen -hw ../lprs2-lab5_hw_platform/system.xml -pe microblaze_0
-log libgen.log system.mss 


Staging source files.
Running DRCs.
Running generate.
Running post_generate.
Running include - 'make -s include "COMPILER=mb-gcc" "ARCHIVER=mb-ar"
"COMPILER_FLAGS=-mlittle-endian -mno-xl-soft-mul -mxl-barrel-shift
-mxl-pattern-compare -mcpu=v8.50.b  -O2 -c" "EXTRA_COMPILER_FLAGS=-g
-ffunction-sections -fdata-sections"'.

Running libs - 'make -s libs "COMPILER=mb-gcc" "ARCHIVER=mb-ar"
"COMPILER_FLAGS=-mlittle-endian -mno-xl-soft-mul -mxl-barrel-shift
-mxl-pattern-compare -mcpu=v8.50.b  -O2 -c" "EXTRA_COMPILER_FLAGS=-g
-ffunction-sections -fdata-sections"'.
"Compiling common"
"Compiling standalone";
"Compiling intc"
"Compiling uartlite"
"Compiling bram"
"Compiling cpu"
Running execs_generate.
'Finished building libraries'
11:24:54 **** Build of configuration Debug for project interupt ****
make all 
'Building file: ../src/helloworld.c'
'Invoking: MicroBlaze gcc compiler'
mb-gcc -Wall -O0 -g3 -c -fmessage-length=0 -I../../interupt_bsp/microblaze_0/include -mlittle-endian -mxl-barrel-shift -mxl-pattern-compare -mcpu=v8.50.b -mno-xl-soft-mul -Wl,--no-relax -ffunction-sections -fdata-sections -MMD -MP -MF"src/helloworld.d" -MT"src/helloworld.d" -o "src/helloworld.o" "../src/helloworld.c"
'Finished building: ../src/helloworld.c'
' '
'Building file: ../src/platform.c'
'Invoking: MicroBlaze gcc compiler'
mb-gcc -Wall -O0 -g3 -c -fmessage-length=0 -I../../interupt_bsp/microblaze_0/include -mlittle-endian -mxl-barrel-shift -mxl-pattern-compare -mcpu=v8.50.b -mno-xl-soft-mul -Wl,--no-relax -ffunction-sections -fdata-sections -MMD -MP -MF"src/platform.d" -MT"src/platform.d" -o "src/platform.o" "../src/platform.c"
'Finished building: ../src/platform.c'
' '
'Building target: interupt.elf'
'Invoking: MicroBlaze gcc linker'
mb-gcc -Wl,-T -Wl,../src/lscript.ld -L../../interupt_bsp/microblaze_0/lib -mlittle-endian -mxl-barrel-shift -mxl-pattern-compare -mcpu=v8.50.b -mno-xl-soft-mul -Wl,--no-relax -Wl,--gc-sections -o "interupt.elf"  ./src/helloworld.o ./src/platform.o   -Wl,--start-group,-lxil,-lgcc,-lc,--end-group
'Finished building target: interupt.elf'
' '
'Invoking: MicroBlaze Print Size'
mb-size interupt.elf  |tee "interupt.elf.size"
   text	   data	    bss	    dec	    hex	filename
   2430	    308	   2080	   4818	   12d2	interupt.elf
'Finished building: interupt.elf.size'
' '
'Invoking: Xilinx ELF Check'
elfcheck interupt.elf -hw ../../lprs2-lab5_hw_platform/system.xml -pe microblaze_0  |tee "interupt.elf.elfcheck"
elfcheck
Xilinx EDK 14.6 Build EDK_P.68d
Copyright (c) 1995-2012 Xilinx, Inc.  All rights reserved.

Command Line: elfcheck -hw ../../lprs2-lab5_hw_platform/system.xml -pe
microblaze_0 interupt.elf 

ELF file	: interupt.elf
elfcheck passed.
'Finished building: interupt.elf.elfcheck'
' '
11:25:52 **** Auto Build of configuration Debug for project interupt ****
make all 
'Building file: ../src/helloworld.c'
'Invoking: MicroBlaze gcc compiler'
mb-gcc -Wall -O0 -g3 -c -fmessage-length=0 -I../../interupt_bsp/microblaze_0/include -mlittle-endian -mxl-barrel-shift -mxl-pattern-compare -mcpu=v8.50.b -mno-xl-soft-mul -Wl,--no-relax -ffunction-sections -fdata-sections -MMD -MP -MF"src/helloworld.d" -MT"src/helloworld.d" -o "src/helloworld.o" "../src/helloworld.c"
../src/helloworld.c: In function 'main':
../src/helloworld.c:21:3: error: 'XPAR_MY_TIMER_0_BASEADDR' undeclared (first use in this function)
../src/helloworld.c:21:3: note: each undeclared identifier is reported only once for each function it appears in
../src/helloworld.c:34:34: error: 'XPAR_INTC_0_MY_TIMER_0_VEC_ID' undeclared (first use in this function)
../src/helloworld.c:17:27: warning: unused variable 'value3' [-Wunused-variable]
../src/helloworld.c:17:19: warning: unused variable 'value2' [-Wunused-variable]
make: *** [src/helloworld.o] Greška 1
11:28:55 **** Auto Build of configuration Debug for project interupt ****
make all 
'Building file: ../src/helloworld.c'
'Invoking: MicroBlaze gcc compiler'
mb-gcc -Wall -O0 -g3 -c -fmessage-length=0 -I../../interupt_bsp/microblaze_0/include -mlittle-endian -mxl-barrel-shift -mxl-pattern-compare -mcpu=v8.50.b -mno-xl-soft-mul -Wl,--no-relax -ffunction-sections -fdata-sections -MMD -MP -MF"src/helloworld.d" -MT"src/helloworld.d" -o "src/helloworld.o" "../src/helloworld.c"
../src/helloworld.c: In function 'main':
../src/helloworld.c:21:3: error: 'axi_intc_0_C_BASEADDR' undeclared (first use in this function)
../src/helloworld.c:21:3: note: each undeclared identifier is reported only once for each function it appears in
../src/helloworld.c:23:3: error: 'XPAR_MY_TIMER_0_BASEADDR' undeclared (first use in this function)
../src/helloworld.c:34:34: error: 'XPAR_INTC_0_MY_TIMER_0_VEC_ID' undeclared (first use in this function)
../src/helloworld.c:17:27: warning: unused variable 'value3' [-Wunused-variable]
../src/helloworld.c:17:19: warning: unused variable 'value2' [-Wunused-variable]
make: *** [src/helloworld.o] Greška 1
11:29:02 **** Incremental Build of configuration Debug for project interupt ****
make all 
'Building file: ../src/helloworld.c'
'Invoking: MicroBlaze gcc compiler'
mb-gcc -Wall -O0 -g3 -c -fmessage-length=0 -I../../interupt_bsp/microblaze_0/include -mlittle-endian -mxl-barrel-shift -mxl-pattern-compare -mcpu=v8.50.b -mno-xl-soft-mul -Wl,--no-relax -ffunction-sections -fdata-sections -MMD -MP -MF"src/helloworld.d" -MT"src/helloworld.d" -o "src/helloworld.o" "../src/helloworld.c"
../src/helloworld.c: In function 'main':
../src/helloworld.c:21:3: error: 'axi_intc_0_C_BASEADDR' undeclared (first use in this function)
../src/helloworld.c:21:3: note: each undeclared identifier is reported only once for each function it appears in
../src/helloworld.c:23:3: error: 'XPAR_MY_TIMER_0_BASEADDR' undeclared (first use in this function)
../src/helloworld.c:34:34: error: 'XPAR_INTC_0_MY_TIMER_0_VEC_ID' undeclared (first use in this function)
../src/helloworld.c:17:27: warning: unused variable 'value3' [-Wunused-variable]
../src/helloworld.c:17:19: warning: unused variable 'value2' [-Wunused-variable]
make: *** [src/helloworld.o] Greška 1
11:30:38 **** Auto Build of configuration Debug for project interupt ****
make all 
'Building file: ../src/helloworld.c'
'Invoking: MicroBlaze gcc compiler'
mb-gcc -Wall -O0 -g3 -c -fmessage-length=0 -I../../interupt_bsp/microblaze_0/include -mlittle-endian -mxl-barrel-shift -mxl-pattern-compare -mcpu=v8.50.b -mno-xl-soft-mul -Wl,--no-relax -ffunction-sections -fdata-sections -MMD -MP -MF"src/helloworld.d" -MT"src/helloworld.d" -o "src/helloworld.o" "../src/helloworld.c"
../src/helloworld.c: In function 'main':
../src/helloworld.c:23:3: error: 'XPAR_MY_TIMER_0_BASEADDR' undeclared (first use in this function)
../src/helloworld.c:23:3: note: each undeclared identifier is reported only once for each function it appears in
../src/helloworld.c:34:34: error: 'XPAR_INTC_0_MY_TIMER_0_VEC_ID' undeclared (first use in this function)
../src/helloworld.c:17:27: warning: unused variable 'value3' [-Wunused-variable]
../src/helloworld.c:17:19: warning: unused variable 'value2' [-Wunused-variable]
make: *** [src/helloworld.o] Greška 1
11:30:48 **** Auto Build of configuration Debug for project interupt ****
make all 
'Building file: ../src/helloworld.c'
'Invoking: MicroBlaze gcc compiler'
mb-gcc -Wall -O0 -g3 -c -fmessage-length=0 -I../../interupt_bsp/microblaze_0/include -mlittle-endian -mxl-barrel-shift -mxl-pattern-compare -mcpu=v8.50.b -mno-xl-soft-mul -Wl,--no-relax -ffunction-sections -fdata-sections -MMD -MP -MF"src/helloworld.d" -MT"src/helloworld.d" -o "src/helloworld.o" "../src/helloworld.c"
../src/helloworld.c: In function 'main':
../src/helloworld.c:26:12: error: 'XPAR_MY_TIMER_0_BASEADDR' undeclared (first use in this function)
../src/helloworld.c:26:12: note: each undeclared identifier is reported only once for each function it appears in
../src/helloworld.c:34:34: error: 'XPAR_INTC_0_MY_TIMER_0_VEC_ID' undeclared (first use in this function)
../src/helloworld.c:17:27: warning: unused variable 'value3' [-Wunused-variable]
../src/helloworld.c:17:19: warning: unused variable 'value2' [-Wunused-variable]
make: *** [src/helloworld.o] Greška 1
11:30:51 **** Auto Build of configuration Debug for project interupt ****
make all 
'Building file: ../src/helloworld.c'
'Invoking: MicroBlaze gcc compiler'
mb-gcc -Wall -O0 -g3 -c -fmessage-length=0 -I../../interupt_bsp/microblaze_0/include -mlittle-endian -mxl-barrel-shift -mxl-pattern-compare -mcpu=v8.50.b -mno-xl-soft-mul -Wl,--no-relax -ffunction-sections -fdata-sections -MMD -MP -MF"src/helloworld.d" -MT"src/helloworld.d" -o "src/helloworld.o" "../src/helloworld.c"
../src/helloworld.c: In function 'main':
../src/helloworld.c:26:12: error: 'XPAR_MY_TIMER_0_BASEADDR' undeclared (first use in this function)
../src/helloworld.c:26:12: note: each undeclared identifier is reported only once for each function it appears in
../src/helloworld.c:34:34: error: 'XPAR_INTC_0_MY_TIMER_0_VEC_ID' undeclared (first use in this function)
../src/helloworld.c:17:27: warning: unused variable 'value3' [-Wunused-variable]
../src/helloworld.c:17:19: warning: unused variable 'value2' [-Wunused-variable]
make: *** [src/helloworld.o] Greška 1
11:31:26 **** Auto Build of configuration Debug for project interupt ****
make all 
'Building file: ../src/helloworld.c'
'Invoking: MicroBlaze gcc compiler'
mb-gcc -Wall -O0 -g3 -c -fmessage-length=0 -I../../interupt_bsp/microblaze_0/include -mlittle-endian -mxl-barrel-shift -mxl-pattern-compare -mcpu=v8.50.b -mno-xl-soft-mul -Wl,--no-relax -ffunction-sections -fdata-sections -MMD -MP -MF"src/helloworld.d" -MT"src/helloworld.d" -o "src/helloworld.o" "../src/helloworld.c"
../src/helloworld.c: In function 'main':
../src/helloworld.c:31:34: error: 'XPAR_INTC_0_MY_TIMER_0_VEC_ID' undeclared (first use in this function)
../src/helloworld.c:31:34: note: each undeclared identifier is reported only once for each function it appears in
../src/helloworld.c:17:27: warning: unused variable 'value3' [-Wunused-variable]
../src/helloworld.c:17:19: warning: unused variable 'value2' [-Wunused-variable]
../src/helloworld.c:17:11: warning: unused variable 'value1' [-Wunused-variable]
make: *** [src/helloworld.o] Greška 1
11:32:46 **** Auto Build of configuration Debug for project interupt ****
make all 
'Building file: ../src/helloworld.c'
'Invoking: MicroBlaze gcc compiler'
mb-gcc -Wall -O0 -g3 -c -fmessage-length=0 -I../../interupt_bsp/microblaze_0/include -mlittle-endian -mxl-barrel-shift -mxl-pattern-compare -mcpu=v8.50.b -mno-xl-soft-mul -Wl,--no-relax -ffunction-sections -fdata-sections -MMD -MP -MF"src/helloworld.d" -MT"src/helloworld.d" -o "src/helloworld.o" "../src/helloworld.c"
../src/helloworld.c: In function 'main':
../src/helloworld.c:38:24: error: 'XPAR_INTC_0_MY_TIMER_0_VEC_ID' undeclared (first use in this function)
../src/helloworld.c:38:24: note: each undeclared identifier is reported only once for each function it appears in
../src/helloworld.c:17:27: warning: unused variable 'value3' [-Wunused-variable]
../src/helloworld.c:17:19: warning: unused variable 'value2' [-Wunused-variable]
../src/helloworld.c:17:11: warning: unused variable 'value1' [-Wunused-variable]
make: *** [src/helloworld.o] Greška 1
11:33:16 **** Auto Build of configuration Debug for project interupt ****
make all 
'Building file: ../src/helloworld.c'
'Invoking: MicroBlaze gcc compiler'
mb-gcc -Wall -O0 -g3 -c -fmessage-length=0 -I../../interupt_bsp/microblaze_0/include -mlittle-endian -mxl-barrel-shift -mxl-pattern-compare -mcpu=v8.50.b -mno-xl-soft-mul -Wl,--no-relax -ffunction-sections -fdata-sections -MMD -MP -MF"src/helloworld.d" -MT"src/helloworld.d" -o "src/helloworld.o" "../src/helloworld.c"
../src/helloworld.c: In function 'main':
../src/helloworld.c:17:40: warning: unused variable 'value3' [-Wunused-variable]
../src/helloworld.c:17:26: warning: unused variable 'value2' [-Wunused-variable]
../src/helloworld.c:17:11: warning: unused variable 'value1' [-Wunused-variable]
'Finished building: ../src/helloworld.c'
' '
'Building target: interupt.elf'
'Invoking: MicroBlaze gcc linker'
mb-gcc -Wl,-T -Wl,../src/lscript.ld -L../../interupt_bsp/microblaze_0/lib -mlittle-endian -mxl-barrel-shift -mxl-pattern-compare -mcpu=v8.50.b -mno-xl-soft-mul -Wl,--no-relax -Wl,--gc-sections -o "interupt.elf"  ./src/helloworld.o ./src/platform.o   -Wl,--start-group,-lxil,-lgcc,-lc,--end-group
'Finished building target: interupt.elf'
' '
'Invoking: MicroBlaze Print Size'
mb-size interupt.elf  |tee "interupt.elf.size"
   text	   data	    bss	    dec	    hex	filename
   7134	    316	   2240	   9690	   25da	interupt.elf
'Finished building: interupt.elf.size'
' '
'Invoking: Xilinx ELF Check'
elfcheck interupt.elf -hw ../../lprs2-lab5_hw_platform/system.xml -pe microblaze_0  |tee "interupt.elf.elfcheck"
elfcheck
Xilinx EDK 14.6 Build EDK_P.68d
Copyright (c) 1995-2012 Xilinx, Inc.  All rights reserved.

Command Line: elfcheck -hw ../../lprs2-lab5_hw_platform/system.xml -pe
microblaze_0 interupt.elf 

ELF file	: interupt.elf
elfcheck passed.
'Finished building: interupt.elf.elfcheck'
' '
11:33:26 **** Auto Build of configuration Debug for project interupt ****
make all 
'Building file: ../src/helloworld.c'
'Invoking: MicroBlaze gcc compiler'
mb-gcc -Wall -O0 -g3 -c -fmessage-length=0 -I../../interupt_bsp/microblaze_0/include -mlittle-endian -mxl-barrel-shift -mxl-pattern-compare -mcpu=v8.50.b -mno-xl-soft-mul -Wl,--no-relax -ffunction-sections -fdata-sections -MMD -MP -MF"src/helloworld.d" -MT"src/helloworld.d" -o "src/helloworld.o" "../src/helloworld.c"
'Finished building: ../src/helloworld.c'
' '
'Building target: interupt.elf'
'Invoking: MicroBlaze gcc linker'
mb-gcc -Wl,-T -Wl,../src/lscript.ld -L../../interupt_bsp/microblaze_0/lib -mlittle-endian -mxl-barrel-shift -mxl-pattern-compare -mcpu=v8.50.b -mno-xl-soft-mul -Wl,--no-relax -Wl,--gc-sections -o "interupt.elf"  ./src/helloworld.o ./src/platform.o   -Wl,--start-group,-lxil,-lgcc,-lc,--end-group
'Finished building target: interupt.elf'
' '
'Invoking: MicroBlaze Print Size'
mb-size interupt.elf  |tee "interupt.elf.size"
   text	   data	    bss	    dec	    hex	filename
   7134	    316	   2240	   9690	   25da	interupt.elf
'Finished building: interupt.elf.size'
' '
'Invoking: Xilinx ELF Check'
elfcheck interupt.elf -hw ../../lprs2-lab5_hw_platform/system.xml -pe microblaze_0  |tee "interupt.elf.elfcheck"
elfcheck
Xilinx EDK 14.6 Build EDK_P.68d
Copyright (c) 1995-2012 Xilinx, Inc.  All rights reserved.

Command Line: elfcheck -hw ../../lprs2-lab5_hw_platform/system.xml -pe
microblaze_0 interupt.elf 

ELF file	: interupt.elf
elfcheck passed.
'Finished building: interupt.elf.elfcheck'
' '
11:33:34 **** Incremental Build of configuration Debug for project interupt ****
make all 
make: Ništa za napraviti za `all'.
11:34:47 **** Auto Build of project interupt_bsp ****
make -k all 
'Finished building libraries'
11:35:40 **** Clean-only build of configuration Debug for project interupt ****
make clean 
rm -rf  ./src/helloworld.o ./src/platform.o  ./src/helloworld.d ./src/platform.d  interupt.elf.size  interupt.elf.elfcheck  interupt.elf
' '
11:35:41 **** Auto Build of configuration Debug for project interupt ****
make all 
'Building file: ../src/helloworld.c'
'Invoking: MicroBlaze gcc compiler'
mb-gcc -Wall -O0 -g3 -c -fmessage-length=0 -I../../interupt_bsp/microblaze_0/include -mlittle-endian -mxl-barrel-shift -mxl-pattern-compare -mcpu=v8.50.b -mno-xl-soft-mul -Wl,--no-relax -ffunction-sections -fdata-sections -MMD -MP -MF"src/helloworld.d" -MT"src/helloworld.d" -o "src/helloworld.o" "../src/helloworld.c"
'Finished building: ../src/helloworld.c'
' '
'Building file: ../src/platform.c'
'Invoking: MicroBlaze gcc compiler'
mb-gcc -Wall -O0 -g3 -c -fmessage-length=0 -I../../interupt_bsp/microblaze_0/include -mlittle-endian -mxl-barrel-shift -mxl-pattern-compare -mcpu=v8.50.b -mno-xl-soft-mul -Wl,--no-relax -ffunction-sections -fdata-sections -MMD -MP -MF"src/platform.d" -MT"src/platform.d" -o "src/platform.o" "../src/platform.c"
'Finished building: ../src/platform.c'
' '
'Building target: interupt.elf'
'Invoking: MicroBlaze gcc linker'
mb-gcc -Wl,-T -Wl,../src/lscript.ld -L../../interupt_bsp/microblaze_0/lib -mlittle-endian -mxl-barrel-shift -mxl-pattern-compare -mcpu=v8.50.b -mno-xl-soft-mul -Wl,--no-relax -Wl,--gc-sections -o "interupt.elf"  ./src/helloworld.o ./src/platform.o   -Wl,--start-group,-lxil,-lgcc,-lc,--end-group
'Finished building target: interupt.elf'
' '
'Invoking: MicroBlaze Print Size'
mb-size interupt.elf  |tee "interupt.elf.size"
   text	   data	    bss	    dec	    hex	filename
   7134	    316	   2240	   9690	   25da	interupt.elf
'Finished building: interupt.elf.size'
' '
'Invoking: Xilinx ELF Check'
elfcheck interupt.elf -hw ../../lprs2-lab5_hw_platform/system.xml -pe microblaze_0  |tee "interupt.elf.elfcheck"
elfcheck
Xilinx EDK 14.6 Build EDK_P.68d
Copyright (c) 1995-2012 Xilinx, Inc.  All rights reserved.

Command Line: elfcheck -hw ../../lprs2-lab5_hw_platform/system.xml -pe
microblaze_0 interupt.elf 

ELF file	: interupt.elf
elfcheck passed.
'Finished building: interupt.elf.elfcheck'
' '
11:36:04 **** Incremental Build of configuration Debug for project interupt ****
make all 
make: Ništa za napraviti za `all'.
11:37:05 **** Incremental Build of configuration Debug for project interupt ****
make all 
make: Ništa za napraviti za `all'.
11:40:13 **** Auto Build of configuration Debug for project interupt ****
make all 
'Building file: ../src/helloworld.c'
'Invoking: MicroBlaze gcc compiler'
mb-gcc -Wall -O0 -g3 -c -fmessage-length=0 -I../../interupt_bsp/microblaze_0/include -mlittle-endian -mxl-barrel-shift -mxl-pattern-compare -mcpu=v8.50.b -mno-xl-soft-mul -Wl,--no-relax -ffunction-sections -fdata-sections -MMD -MP -MF"src/helloworld.d" -MT"src/helloworld.d" -o "src/helloworld.o" "../src/helloworld.c"
'Finished building: ../src/helloworld.c'
' '
'Building target: interupt.elf'
'Invoking: MicroBlaze gcc linker'
mb-gcc -Wl,-T -Wl,../src/lscript.ld -L../../interupt_bsp/microblaze_0/lib -mlittle-endian -mxl-barrel-shift -mxl-pattern-compare -mcpu=v8.50.b -mno-xl-soft-mul -Wl,--no-relax -Wl,--gc-sections -o "interupt.elf"  ./src/helloworld.o ./src/platform.o   -Wl,--start-group,-lxil,-lgcc,-lc,--end-group
'Finished building target: interupt.elf'
' '
'Invoking: MicroBlaze Print Size'
mb-size interupt.elf  |tee "interupt.elf.size"
   text	   data	    bss	    dec	    hex	filename
   7134	    316	   2240	   9690	   25da	interupt.elf
'Finished building: interupt.elf.size'
' '
'Invoking: Xilinx ELF Check'
elfcheck interupt.elf -hw ../../lprs2-lab5_hw_platform/system.xml -pe microblaze_0  |tee "interupt.elf.elfcheck"
elfcheck
Xilinx EDK 14.6 Build EDK_P.68d
Copyright (c) 1995-2012 Xilinx, Inc.  All rights reserved.

Command Line: elfcheck -hw ../../lprs2-lab5_hw_platform/system.xml -pe
microblaze_0 interupt.elf 

ELF file	: interupt.elf
elfcheck passed.
'Finished building: interupt.elf.elfcheck'
' '
11:45:42 **** Auto Build of configuration Debug for project interupt ****
make all 
'Building file: ../src/helloworld.c'
'Invoking: MicroBlaze gcc compiler'
mb-gcc -Wall -O0 -g3 -c -fmessage-length=0 -I../../interupt_bsp/microblaze_0/include -mlittle-endian -mxl-barrel-shift -mxl-pattern-compare -mcpu=v8.50.b -mno-xl-soft-mul -Wl,--no-relax -ffunction-sections -fdata-sections -MMD -MP -MF"src/helloworld.d" -MT"src/helloworld.d" -o "src/helloworld.o" "../src/helloworld.c"
../src/helloworld.c: In function 'main':
../src/helloworld.c:40:3: warning: passing argument 1 of 'interrupt_handler' makes pointer from integer without a cast [enabled by default]
../src/helloworld.c:10:6: note: expected 'void *' but argument is of type 'int'
'Finished building: ../src/helloworld.c'
' '
'Building target: interupt.elf'
'Invoking: MicroBlaze gcc linker'
mb-gcc -Wl,-T -Wl,../src/lscript.ld -L../../interupt_bsp/microblaze_0/lib -mlittle-endian -mxl-barrel-shift -mxl-pattern-compare -mcpu=v8.50.b -mno-xl-soft-mul -Wl,--no-relax -Wl,--gc-sections -o "interupt.elf"  ./src/helloworld.o ./src/platform.o   -Wl,--start-group,-lxil,-lgcc,-lc,--end-group
'Finished building target: interupt.elf'
' '
'Invoking: MicroBlaze Print Size'
mb-size interupt.elf  |tee "interupt.elf.size"
   text	   data	    bss	    dec	    hex	filename
   7154	    316	   2250	   9720	   25f8	interupt.elf
'Finished building: interupt.elf.size'
' '
'Invoking: Xilinx ELF Check'
elfcheck interupt.elf -hw ../../lprs2-lab5_hw_platform/system.xml -pe microblaze_0  |tee "interupt.elf.elfcheck"
elfcheck
Xilinx EDK 14.6 Build EDK_P.68d
Copyright (c) 1995-2012 Xilinx, Inc.  All rights reserved.

Command Line: elfcheck -hw ../../lprs2-lab5_hw_platform/system.xml -pe
microblaze_0 interupt.elf 

ELF file	: interupt.elf
elfcheck passed.
'Finished building: interupt.elf.elfcheck'
' '
11:45:46 **** Incremental Build of configuration Debug for project interupt ****
make all 
make: Ništa za napraviti za `all'.
11:45:59 **** Auto Build of project interupt_bsp ****
make -k all 
'Finished building libraries'
11:49:20 **** Incremental Build of configuration Debug for project interupt ****
make all 
make: Ništa za napraviti za `all'.
11:49:32 **** Auto Build of project interupt_bsp ****
make -k all 
'Finished building libraries'
11:50:47 **** Auto Build of configuration Debug for project interupt ****
make all 
'Building file: ../src/helloworld.c'
'Invoking: MicroBlaze gcc compiler'
mb-gcc -Wall -O0 -g3 -c -fmessage-length=0 -I../../interupt_bsp/microblaze_0/include -mlittle-endian -mxl-barrel-shift -mxl-pattern-compare -mcpu=v8.50.b -mno-xl-soft-mul -Wl,--no-relax -ffunction-sections -fdata-sections -MMD -MP -MF"src/helloworld.d" -MT"src/helloworld.d" -o "src/helloworld.o" "../src/helloworld.c"
../src/helloworld.c: In function 'main':
../src/helloworld.c:40:3: warning: passing argument 1 of 'interrupt_handler' makes pointer from integer without a cast [enabled by default]
../src/helloworld.c:10:6: note: expected 'void *' but argument is of type 'int'
../src/helloworld.c:41:3: warning: implicit declaration of function 'VGA_PERIPH_MEM_mWriteMemory' [-Wimplicit-function-declaration]
'Finished building: ../src/helloworld.c'
' '
'Building target: interupt.elf'
'Invoking: MicroBlaze gcc linker'
mb-gcc -Wl,-T -Wl,../src/lscript.ld -L../../interupt_bsp/microblaze_0/lib -mlittle-endian -mxl-barrel-shift -mxl-pattern-compare -mcpu=v8.50.b -mno-xl-soft-mul -Wl,--no-relax -Wl,--gc-sections -o "interupt.elf"  ./src/helloworld.o ./src/platform.o   -Wl,--start-group,-lxil,-lgcc,-lc,--end-group
./src/helloworld.o: In function `main':
D:\ra234-2013\lprs2-lab5\SDK\SDK_Workspace\interupt\Debug/../src/helloworld.c:41: undefined reference to `VGA_PERIPH_MEM_mWriteMemory'
D:\ra234-2013\lprs2-lab5\SDK\SDK_Workspace\interupt\Debug/../src/helloworld.c:49: undefined reference to `VGA_PERIPH_MEM_mWriteMemory'
D:\ra234-2013\lprs2-lab5\SDK\SDK_Workspace\interupt\Debug/../src/helloworld.c:50: undefined reference to `VGA_PERIPH_MEM_mWriteMemory'
D:\ra234-2013\lprs2-lab5\SDK\SDK_Workspace\interupt\Debug/../src/helloworld.c:51: undefined reference to `VGA_PERIPH_MEM_mWriteMemory'
D:\ra234-2013\lprs2-lab5\SDK\SDK_Workspace\interupt\Debug/../src/helloworld.c:53: undefined reference to `VGA_PERIPH_MEM_mWriteMemory'
./src/helloworld.o:D:\ra234-2013\lprs2-lab5\SDK\SDK_Workspace\interupt\Debug/../src/helloworld.c:55: more undefined references to `VGA_PERIPH_MEM_mWriteMemory' follow
collect2: ld returned 1 exit status
make: *** [interupt.elf] Greška 1
11:51:38 **** Auto Build of configuration Debug for project interupt ****
make all 
'Building file: ../src/helloworld.c'
'Invoking: MicroBlaze gcc compiler'
mb-gcc -Wall -O0 -g3 -c -fmessage-length=0 -I../../interupt_bsp/microblaze_0/include -mlittle-endian -mxl-barrel-shift -mxl-pattern-compare -mcpu=v8.50.b -mno-xl-soft-mul -Wl,--no-relax -ffunction-sections -fdata-sections -MMD -MP -MF"src/helloworld.d" -MT"src/helloworld.d" -o "src/helloworld.o" "../src/helloworld.c"
../src/helloworld.c: In function 'main':
../src/helloworld.c:41:3: warning: passing argument 1 of 'interrupt_handler' makes pointer from integer without a cast [enabled by default]
../src/helloworld.c:11:6: note: expected 'void *' but argument is of type 'int'
'Finished building: ../src/helloworld.c'
' '
'Building target: interupt.elf'
'Invoking: MicroBlaze gcc linker'
mb-gcc -Wl,-T -Wl,../src/lscript.ld -L../../interupt_bsp/microblaze_0/lib -mlittle-endian -mxl-barrel-shift -mxl-pattern-compare -mcpu=v8.50.b -mno-xl-soft-mul -Wl,--no-relax -Wl,--gc-sections -o "interupt.elf"  ./src/helloworld.o ./src/platform.o   -Wl,--start-group,-lxil,-lgcc,-lc,--end-group
'Finished building target: interupt.elf'
' '
'Invoking: MicroBlaze Print Size'
mb-size interupt.elf  |tee "interupt.elf.size"
   text	   data	    bss	    dec	    hex	filename
   7286	    316	   2240	   9842	   2672	interupt.elf
'Finished building: interupt.elf.size'
' '
'Invoking: Xilinx ELF Check'
elfcheck interupt.elf -hw ../../lprs2-lab5_hw_platform/system.xml -pe microblaze_0  |tee "interupt.elf.elfcheck"
elfcheck
Xilinx EDK 14.6 Build EDK_P.68d
Copyright (c) 1995-2012 Xilinx, Inc.  All rights reserved.

Command Line: elfcheck -hw ../../lprs2-lab5_hw_platform/system.xml -pe
microblaze_0 interupt.elf 

ELF file	: interupt.elf
elfcheck passed.
'Finished building: interupt.elf.elfcheck'
' '
11:51:47 **** Auto Build of configuration Debug for project interupt ****
make all 
'Building file: ../src/helloworld.c'
'Invoking: MicroBlaze gcc compiler'
mb-gcc -Wall -O0 -g3 -c -fmessage-length=0 -I../../interupt_bsp/microblaze_0/include -mlittle-endian -mxl-barrel-shift -mxl-pattern-compare -mcpu=v8.50.b -mno-xl-soft-mul -Wl,--no-relax -ffunction-sections -fdata-sections -MMD -MP -MF"src/helloworld.d" -MT"src/helloworld.d" -o "src/helloworld.o" "../src/helloworld.c"
'Finished building: ../src/helloworld.c'
' '
'Building file: ../src/vga_periph_mem.c'
'Invoking: MicroBlaze gcc compiler'
mb-gcc -Wall -O0 -g3 -c -fmessage-length=0 -I../../interupt_bsp/microblaze_0/include -mlittle-endian -mxl-barrel-shift -mxl-pattern-compare -mcpu=v8.50.b -mno-xl-soft-mul -Wl,--no-relax -ffunction-sections -fdata-sections -MMD -MP -MF"src/vga_periph_mem.d" -MT"src/vga_periph_mem.d" -o "src/vga_periph_mem.o" "../src/vga_periph_mem.c"
'Finished building: ../src/vga_periph_mem.c'
' '
'Building file: ../src/vga_periph_mem_selftest.c'
'Invoking: MicroBlaze gcc compiler'
mb-gcc -Wall -O0 -g3 -c -fmessage-length=0 -I../../interupt_bsp/microblaze_0/include -mlittle-endian -mxl-barrel-shift -mxl-pattern-compare -mcpu=v8.50.b -mno-xl-soft-mul -Wl,--no-relax -ffunction-sections -fdata-sections -MMD -MP -MF"src/vga_periph_mem_selftest.d" -MT"src/vga_periph_mem_selftest.d" -o "src/vga_periph_mem_selftest.o" "../src/vga_periph_mem_selftest.c"
'Finished building: ../src/vga_periph_mem_selftest.c'
' '
'Building target: interupt.elf'
'Invoking: MicroBlaze gcc linker'
mb-gcc -Wl,-T -Wl,../src/lscript.ld -L../../interupt_bsp/microblaze_0/lib -mlittle-endian -mxl-barrel-shift -mxl-pattern-compare -mcpu=v8.50.b -mno-xl-soft-mul -Wl,--no-relax -Wl,--gc-sections -o "interupt.elf"  ./src/helloworld.o ./src/platform.o ./src/vga_periph_mem.o ./src/vga_periph_mem_selftest.o   -Wl,--start-group,-lxil,-lgcc,-lc,--end-group
'Finished building target: interupt.elf'
' '
'Invoking: MicroBlaze Print Size'
mb-size interupt.elf  |tee "interupt.elf.size"
   text	   data	    bss	    dec	    hex	filename
   7266	    316	   2250	   9832	   2668	interupt.elf
'Finished building: interupt.elf.size'
' '
'Invoking: Xilinx ELF Check'
elfcheck interupt.elf -hw ../../lprs2-lab5_hw_platform/system.xml -pe microblaze_0  |tee "interupt.elf.elfcheck"
elfcheck
Xilinx EDK 14.6 Build EDK_P.68d
Copyright (c) 1995-2012 Xilinx, Inc.  All rights reserved.

Command Line: elfcheck -hw ../../lprs2-lab5_hw_platform/system.xml -pe
microblaze_0 interupt.elf 

ELF file	: interupt.elf
elfcheck passed.
'Finished building: interupt.elf.elfcheck'
' '
11:51:51 **** Incremental Build of configuration Debug for project interupt ****
make all 
make: Ništa za napraviti za `all'.
11:52:02 **** Auto Build of project interupt_bsp ****
make -k all 
'Finished building libraries'
11:59:41 **** Auto Build of configuration Debug for project interupt ****
make all 
'Building file: ../src/helloworld.c'
'Invoking: MicroBlaze gcc compiler'
mb-gcc -Wall -O0 -g3 -c -fmessage-length=0 -I../../interupt_bsp/microblaze_0/include -mlittle-endian -mxl-barrel-shift -mxl-pattern-compare -mcpu=v8.50.b -mno-xl-soft-mul -Wl,--no-relax -ffunction-sections -fdata-sections -MMD -MP -MF"src/helloworld.d" -MT"src/helloworld.d" -o "src/helloworld.o" "../src/helloworld.c"
../src/helloworld.c: In function 'main':
../src/helloworld.c:52:3: warning: statement with no effect [-Wunused-value]
../src/helloworld.c:53:3: error: expected ';' before 'while'
make: *** [src/helloworld.o] Greška 1
12:00:12 **** Auto Build of configuration Debug for project interupt ****
make all 
'Building file: ../src/helloworld.c'
'Invoking: MicroBlaze gcc compiler'
mb-gcc -Wall -O0 -g3 -c -fmessage-length=0 -I../../interupt_bsp/microblaze_0/include -mlittle-endian -mxl-barrel-shift -mxl-pattern-compare -mcpu=v8.50.b -mno-xl-soft-mul -Wl,--no-relax -ffunction-sections -fdata-sections -MMD -MP -MF"src/helloworld.d" -MT"src/helloworld.d" -o "src/helloworld.o" "../src/helloworld.c"
'Finished building: ../src/helloworld.c'
' '
'Building target: interupt.elf'
'Invoking: MicroBlaze gcc linker'
mb-gcc -Wl,-T -Wl,../src/lscript.ld -L../../interupt_bsp/microblaze_0/lib -mlittle-endian -mxl-barrel-shift -mxl-pattern-compare -mcpu=v8.50.b -mno-xl-soft-mul -Wl,--no-relax -Wl,--gc-sections -o "interupt.elf"  ./src/helloworld.o ./src/platform.o ./src/vga_periph_mem.o ./src/vga_periph_mem_selftest.o   -Wl,--start-group,-lxil,-lgcc,-lc,--end-group
'Finished building target: interupt.elf'
' '
'Invoking: MicroBlaze Print Size'
mb-size interupt.elf  |tee "interupt.elf.size"
   text	   data	    bss	    dec	    hex	filename
   7562	    316	   2250	  10128	   2790	interupt.elf
'Finished building: interupt.elf.size'
' '
'Invoking: Xilinx ELF Check'
elfcheck interupt.elf -hw ../../lprs2-lab5_hw_platform/system.xml -pe microblaze_0  |tee "interupt.elf.elfcheck"
elfcheck
Xilinx EDK 14.6 Build EDK_P.68d
Copyright (c) 1995-2012 Xilinx, Inc.  All rights reserved.

Command Line: elfcheck -hw ../../lprs2-lab5_hw_platform/system.xml -pe
microblaze_0 interupt.elf 

ELF file	: interupt.elf
elfcheck passed.
'Finished building: interupt.elf.elfcheck'
' '
12:00:37 **** Auto Build of configuration Debug for project interupt ****
make all 
'Building file: ../src/helloworld.c'
'Invoking: MicroBlaze gcc compiler'
mb-gcc -Wall -O0 -g3 -c -fmessage-length=0 -I../../interupt_bsp/microblaze_0/include -mlittle-endian -mxl-barrel-shift -mxl-pattern-compare -mcpu=v8.50.b -mno-xl-soft-mul -Wl,--no-relax -ffunction-sections -fdata-sections -MMD -MP -MF"src/helloworld.d" -MT"src/helloworld.d" -o "src/helloworld.o" "../src/helloworld.c"
'Finished building: ../src/helloworld.c'
' '
'Building target: interupt.elf'
'Invoking: MicroBlaze gcc linker'
mb-gcc -Wl,-T -Wl,../src/lscript.ld -L../../interupt_bsp/microblaze_0/lib -mlittle-endian -mxl-barrel-shift -mxl-pattern-compare -mcpu=v8.50.b -mno-xl-soft-mul -Wl,--no-relax -Wl,--gc-sections -o "interupt.elf"  ./src/helloworld.o ./src/platform.o ./src/vga_periph_mem.o ./src/vga_periph_mem_selftest.o   -Wl,--start-group,-lxil,-lgcc,-lc,--end-group
'Finished building target: interupt.elf'
' '
'Invoking: MicroBlaze Print Size'
mb-size interupt.elf  |tee "interupt.elf.size"
   text	   data	    bss	    dec	    hex	filename
   7562	    316	   2250	  10128	   2790	interupt.elf
'Finished building: interupt.elf.size'
' '
'Invoking: Xilinx ELF Check'
elfcheck interupt.elf -hw ../../lprs2-lab5_hw_platform/system.xml -pe microblaze_0  |tee "interupt.elf.elfcheck"
elfcheck
Xilinx EDK 14.6 Build EDK_P.68d
Copyright (c) 1995-2012 Xilinx, Inc.  All rights reserved.

Command Line: elfcheck -hw ../../lprs2-lab5_hw_platform/system.xml -pe
microblaze_0 interupt.elf 

ELF file	: interupt.elf
elfcheck passed.
'Finished building: interupt.elf.elfcheck'
' '
12:00:41 **** Incremental Build of configuration Debug for project interupt ****
make all 
make: Ništa za napraviti za `all'.
12:00:54 **** Auto Build of project interupt_bsp ****
make -k all 
'Finished building libraries'
12:01:03 **** Auto Build of configuration Debug for project interupt ****
make all 
'Building file: ../src/helloworld.c'
'Invoking: MicroBlaze gcc compiler'
mb-gcc -Wall -O0 -g3 -c -fmessage-length=0 -I../../interupt_bsp/microblaze_0/include -mlittle-endian -mxl-barrel-shift -mxl-pattern-compare -mcpu=v8.50.b -mno-xl-soft-mul -Wl,--no-relax -ffunction-sections -fdata-sections -MMD -MP -MF"src/helloworld.d" -MT"src/helloworld.d" -o "src/helloworld.o" "../src/helloworld.c"
'Finished building: ../src/helloworld.c'
' '
'Building target: interupt.elf'
'Invoking: MicroBlaze gcc linker'
mb-gcc -Wl,-T -Wl,../src/lscript.ld -L../../interupt_bsp/microblaze_0/lib -mlittle-endian -mxl-barrel-shift -mxl-pattern-compare -mcpu=v8.50.b -mno-xl-soft-mul -Wl,--no-relax -Wl,--gc-sections -o "interupt.elf"  ./src/helloworld.o ./src/platform.o ./src/vga_periph_mem.o ./src/vga_periph_mem_selftest.o   -Wl,--start-group,-lxil,-lgcc,-lc,--end-group
'Finished building target: interupt.elf'
' '
'Invoking: MicroBlaze Print Size'
mb-size interupt.elf  |tee "interupt.elf.size"
   text	   data	    bss	    dec	    hex	filename
   7546	    316	   2250	  10112	   2780	interupt.elf
'Finished building: interupt.elf.size'
' '
'Invoking: Xilinx ELF Check'
elfcheck interupt.elf -hw ../../lprs2-lab5_hw_platform/system.xml -pe microblaze_0  |tee "interupt.elf.elfcheck"
elfcheck
Xilinx EDK 14.6 Build EDK_P.68d
Copyright (c) 1995-2012 Xilinx, Inc.  All rights reserved.

Command Line: elfcheck -hw ../../lprs2-lab5_hw_platform/system.xml -pe
microblaze_0 interupt.elf 

ELF file	: interupt.elf
elfcheck passed.
'Finished building: interupt.elf.elfcheck'
' '
12:01:16 **** Auto Build of project interupt_bsp ****
make -k all 
'Finished building libraries'
12:01:28 **** Auto Build of configuration Debug for project interupt ****
make all 
'Building file: ../src/helloworld.c'
'Invoking: MicroBlaze gcc compiler'
mb-gcc -Wall -O0 -g3 -c -fmessage-length=0 -I../../interupt_bsp/microblaze_0/include -mlittle-endian -mxl-barrel-shift -mxl-pattern-compare -mcpu=v8.50.b -mno-xl-soft-mul -Wl,--no-relax -ffunction-sections -fdata-sections -MMD -MP -MF"src/helloworld.d" -MT"src/helloworld.d" -o "src/helloworld.o" "../src/helloworld.c"
'Finished building: ../src/helloworld.c'
' '
'Building target: interupt.elf'
'Invoking: MicroBlaze gcc linker'
mb-gcc -Wl,-T -Wl,../src/lscript.ld -L../../interupt_bsp/microblaze_0/lib -mlittle-endian -mxl-barrel-shift -mxl-pattern-compare -mcpu=v8.50.b -mno-xl-soft-mul -Wl,--no-relax -Wl,--gc-sections -o "interupt.elf"  ./src/helloworld.o ./src/platform.o ./src/vga_periph_mem.o ./src/vga_periph_mem_selftest.o   -Wl,--start-group,-lxil,-lgcc,-lc,--end-group
'Finished building target: interupt.elf'
' '
'Invoking: MicroBlaze Print Size'
mb-size interupt.elf  |tee "interupt.elf.size"
   text	   data	    bss	    dec	    hex	filename
   7530	    316	   2250	  10096	   2770	interupt.elf
'Finished building: interupt.elf.size'
' '
'Invoking: Xilinx ELF Check'
elfcheck interupt.elf -hw ../../lprs2-lab5_hw_platform/system.xml -pe microblaze_0  |tee "interupt.elf.elfcheck"
elfcheck
Xilinx EDK 14.6 Build EDK_P.68d
Copyright (c) 1995-2012 Xilinx, Inc.  All rights reserved.

Command Line: elfcheck -hw ../../lprs2-lab5_hw_platform/system.xml -pe
microblaze_0 interupt.elf 

ELF file	: interupt.elf
elfcheck passed.
'Finished building: interupt.elf.elfcheck'
' '
12:01:41 **** Auto Build of project interupt_bsp ****
make -k all 
'Finished building libraries'
12:03:15 **** Auto Build of configuration Debug for project interupt ****
make all 
'Building file: ../src/helloworld.c'
'Invoking: MicroBlaze gcc compiler'
mb-gcc -Wall -O0 -g3 -c -fmessage-length=0 -I../../interupt_bsp/microblaze_0/include -mlittle-endian -mxl-barrel-shift -mxl-pattern-compare -mcpu=v8.50.b -mno-xl-soft-mul -Wl,--no-relax -ffunction-sections -fdata-sections -MMD -MP -MF"src/helloworld.d" -MT"src/helloworld.d" -o "src/helloworld.o" "../src/helloworld.c"
'Finished building: ../src/helloworld.c'
' '
'Building target: interupt.elf'
'Invoking: MicroBlaze gcc linker'
mb-gcc -Wl,-T -Wl,../src/lscript.ld -L../../interupt_bsp/microblaze_0/lib -mlittle-endian -mxl-barrel-shift -mxl-pattern-compare -mcpu=v8.50.b -mno-xl-soft-mul -Wl,--no-relax -Wl,--gc-sections -o "interupt.elf"  ./src/helloworld.o ./src/platform.o ./src/vga_periph_mem.o ./src/vga_periph_mem_selftest.o   -Wl,--start-group,-lxil,-lgcc,-lc,--end-group
'Finished building target: interupt.elf'
' '
'Invoking: MicroBlaze Print Size'
mb-size interupt.elf  |tee "interupt.elf.size"
   text	   data	    bss	    dec	    hex	filename
   7658	    316	   2250	  10224	   27f0	interupt.elf
'Finished building: interupt.elf.size'
' '
'Invoking: Xilinx ELF Check'
elfcheck interupt.elf -hw ../../lprs2-lab5_hw_platform/system.xml -pe microblaze_0  |tee "interupt.elf.elfcheck"
elfcheck
Xilinx EDK 14.6 Build EDK_P.68d
Copyright (c) 1995-2012 Xilinx, Inc.  All rights reserved.

Command Line: elfcheck -hw ../../lprs2-lab5_hw_platform/system.xml -pe
microblaze_0 interupt.elf 

ELF file	: interupt.elf
elfcheck passed.
'Finished building: interupt.elf.elfcheck'
' '
12:03:17 **** Incremental Build of configuration Debug for project interupt ****
make all 
make: Ništa za napraviti za `all'.
12:03:29 **** Auto Build of project interupt_bsp ****
make -k all 
'Finished building libraries'
12:07:17 **** Auto Build of configuration Debug for project interupt ****
make all 
'Building file: ../src/helloworld.c'
'Invoking: MicroBlaze gcc compiler'
mb-gcc -Wall -O0 -g3 -c -fmessage-length=0 -I../../interupt_bsp/microblaze_0/include -mlittle-endian -mxl-barrel-shift -mxl-pattern-compare -mcpu=v8.50.b -mno-xl-soft-mul -Wl,--no-relax -ffunction-sections -fdata-sections -MMD -MP -MF"src/helloworld.d" -MT"src/helloworld.d" -o "src/helloworld.o" "../src/helloworld.c"
../src/helloworld.c: In function 'interrupt_handler':
../src/helloworld.c:19:54: error: 'a' undeclared (first use in this function)
../src/helloworld.c:19:54: note: each undeclared identifier is reported only once for each function it appears in
../src/helloworld.c:20:7: error: 'BaseAddress' undeclared (first use in this function)
make: *** [src/helloworld.o] Greška 1
12:07:31 **** Auto Build of configuration Debug for project interupt ****
make all 
'Building file: ../src/helloworld.c'
'Invoking: MicroBlaze gcc compiler'
mb-gcc -Wall -O0 -g3 -c -fmessage-length=0 -I../../interupt_bsp/microblaze_0/include -mlittle-endian -mxl-barrel-shift -mxl-pattern-compare -mcpu=v8.50.b -mno-xl-soft-mul -Wl,--no-relax -ffunction-sections -fdata-sections -MMD -MP -MF"src/helloworld.d" -MT"src/helloworld.d" -o "src/helloworld.o" "../src/helloworld.c"
../src/helloworld.c: In function 'interrupt_handler':
../src/helloworld.c:19:54: error: 'a' undeclared (first use in this function)
../src/helloworld.c:19:54: note: each undeclared identifier is reported only once for each function it appears in
make: *** [src/helloworld.o] Greška 1
12:07:42 **** Auto Build of configuration Debug for project interupt ****
make all 
'Building file: ../src/helloworld.c'
'Invoking: MicroBlaze gcc compiler'
mb-gcc -Wall -O0 -g3 -c -fmessage-length=0 -I../../interupt_bsp/microblaze_0/include -mlittle-endian -mxl-barrel-shift -mxl-pattern-compare -mcpu=v8.50.b -mno-xl-soft-mul -Wl,--no-relax -ffunction-sections -fdata-sections -MMD -MP -MF"src/helloworld.d" -MT"src/helloworld.d" -o "src/helloworld.o" "../src/helloworld.c"
'Finished building: ../src/helloworld.c'
' '
'Building target: interupt.elf'
'Invoking: MicroBlaze gcc linker'
mb-gcc -Wl,-T -Wl,../src/lscript.ld -L../../interupt_bsp/microblaze_0/lib -mlittle-endian -mxl-barrel-shift -mxl-pattern-compare -mcpu=v8.50.b -mno-xl-soft-mul -Wl,--no-relax -Wl,--gc-sections -o "interupt.elf"  ./src/helloworld.o ./src/platform.o ./src/vga_periph_mem.o ./src/vga_periph_mem_selftest.o   -Wl,--start-group,-lxil,-lgcc,-lc,--end-group
'Finished building target: interupt.elf'
' '
'Invoking: MicroBlaze Print Size'
mb-size interupt.elf  |tee "interupt.elf.size"
   text	   data	    bss	    dec	    hex	filename
   7702	    320	   2248	  10270	   281e	interupt.elf
'Finished building: interupt.elf.size'
' '
'Invoking: Xilinx ELF Check'
elfcheck interupt.elf -hw ../../lprs2-lab5_hw_platform/system.xml -pe microblaze_0  |tee "interupt.elf.elfcheck"
elfcheck
Xilinx EDK 14.6 Build EDK_P.68d
Copyright (c) 1995-2012 Xilinx, Inc.  All rights reserved.

Command Line: elfcheck -hw ../../lprs2-lab5_hw_platform/system.xml -pe
microblaze_0 interupt.elf 

ELF file	: interupt.elf
elfcheck passed.
'Finished building: interupt.elf.elfcheck'
' '
12:07:48 **** Incremental Build of configuration Debug for project interupt ****
make all 
make: Ništa za napraviti za `all'.
12:08:03 **** Auto Build of project interupt_bsp ****
make -k all 
'Finished building libraries'
12:08:32 **** Auto Build of configuration Debug for project interupt ****
make all 
'Building file: ../src/helloworld.c'
'Invoking: MicroBlaze gcc compiler'
mb-gcc -Wall -O0 -g3 -c -fmessage-length=0 -I../../interupt_bsp/microblaze_0/include -mlittle-endian -mxl-barrel-shift -mxl-pattern-compare -mcpu=v8.50.b -mno-xl-soft-mul -Wl,--no-relax -ffunction-sections -fdata-sections -MMD -MP -MF"src/helloworld.d" -MT"src/helloworld.d" -o "src/helloworld.o" "../src/helloworld.c"
'Finished building: ../src/helloworld.c'
' '
'Building target: interupt.elf'
'Invoking: MicroBlaze gcc linker'
mb-gcc -Wl,-T -Wl,../src/lscript.ld -L../../interupt_bsp/microblaze_0/lib -mlittle-endian -mxl-barrel-shift -mxl-pattern-compare -mcpu=v8.50.b -mno-xl-soft-mul -Wl,--no-relax -Wl,--gc-sections -o "interupt.elf"  ./src/helloworld.o ./src/platform.o ./src/vga_periph_mem.o ./src/vga_periph_mem_selftest.o   -Wl,--start-group,-lxil,-lgcc,-lc,--end-group
'Finished building target: interupt.elf'
' '
'Invoking: MicroBlaze Print Size'
mb-size interupt.elf  |tee "interupt.elf.size"
   text	   data	    bss	    dec	    hex	filename
   7658	    316	   2250	  10224	   27f0	interupt.elf
'Finished building: interupt.elf.size'
' '
'Invoking: Xilinx ELF Check'
elfcheck interupt.elf -hw ../../lprs2-lab5_hw_platform/system.xml -pe microblaze_0  |tee "interupt.elf.elfcheck"
elfcheck
Xilinx EDK 14.6 Build EDK_P.68d
Copyright (c) 1995-2012 Xilinx, Inc.  All rights reserved.

Command Line: elfcheck -hw ../../lprs2-lab5_hw_platform/system.xml -pe
microblaze_0 interupt.elf 

ELF file	: interupt.elf
elfcheck passed.
'Finished building: interupt.elf.elfcheck'
' '
12:08:45 **** Auto Build of project interupt_bsp ****
make -k all 
'Finished building libraries'
